
> lang-cardoso-dashboard@0.0.0 build
> tsc -b && vite build

src/app/(dashboard)/layout.tsx(1,25): error TS2307: Cannot find module '@/components/shared/Sidebar' or its corresponding type declarations.
src/app/layout.tsx(1,31): error TS2307: Cannot find module 'next' or its corresponding type declarations.
src/app/layout.tsx(2,23): error TS2307: Cannot find module 'next/font/google' or its corresponding type declarations.
src/components/shared/Sidebar.tsx(3,18): error TS2307: Cannot find module 'next/link' or its corresponding type declarations.
src/components/shared/Sidebar.tsx(4,29): error TS2307: Cannot find module 'next/navigation' or its corresponding type declarations.
src/components/shared/Sidebar.tsx(17,26): error TS2307: Cannot find module '@/lib/supabase' or its corresponding type declarations.
src/pages/PortalColaborador.tsx(55,24): error TS2345: Argument of type '{ id: unknown; processo: any; honorario: {}; percentual: {}; data: unknown; status: unknown; baseLiquida: unknown; valor: {}; referencia: {}; }[]' is not assignable to parameter of type 'SetStateAction<Distribuicao[]>'.
  Type '{ id: unknown; processo: any; honorario: {}; percentual: {}; data: unknown; status: unknown; baseLiquida: unknown; valor: {}; referencia: {}; }[]' is not assignable to type 'Distribuicao[]'.
    Type '{ id: unknown; processo: any; honorario: {}; percentual: {}; data: unknown; status: unknown; baseLiquida: unknown; valor: {}; referencia: {}; }' is not assignable to type 'Distribuicao'.
      Types of property 'id' are incompatible.
        Type 'unknown' is not assignable to type 'string'.
src/pages/PortalColaborador.tsx(57,32): error TS2339: Property 'numero_processo' does not exist on type '{}'.
src/pages/PortalColaborador.tsx(72,29): error TS2339: Property 'nome' does not exist on type '{}'.
src/pages/PortalColaborador.tsx(99,42): error TS18046: 'e.data' is of type 'unknown'.
src/pages/PortalColaborador.tsx(100,40): error TS18046: 'e.data' is of type 'unknown'.
src/pages/PortalColaborador.tsx(622,19): error TS2322: Type '(Tarefa | { id: unknown; titulo: unknown; data_limite: any; prioridade: string; responsavel_id: string; concluida: boolean; isExternal: boolean; descricao: unknown; })[]' is not assignable to type 'Tarefa[]'.
  Type 'Tarefa | { id: unknown; titulo: unknown; data_limite: any; prioridade: string; responsavel_id: string; concluida: boolean; isExternal: boolean; descricao: unknown; }' is not assignable to type 'Tarefa'.
    Type '{ id: unknown; titulo: unknown; data_limite: any; prioridade: string; responsavel_id: string; concluida: boolean; isExternal: boolean; descricao: unknown; }' is not assignable to type 'Tarefa'.
      Types of property 'id' are incompatible.
        Type 'unknown' is not assignable to type 'string'.
src/pages/PortalColaborador.tsx(627,45): error TS2339: Property 'dateTime' does not exist on type '{}'.
src/pages/PortalColaborador.tsx(627,66): error TS2339: Property 'date' does not exist on type '{}'.
