[dotenv@17.3.1] injecting env (0) from .env.local -- tip: ÔÜÖ´©Å  load multiple .env files with { path: ['.env.local', '.env'] }
Table clientes is empty. Trying to trigger a schema error to fetch columns...
Schema hint for clientes: Could not find the 'DOES_NOT_EXIST' column of 'clientes' in the schema cache
Columns in colaboradores: id, nome, oab, especialidade, comissao_padrao, foto_url, contrato_url, created_at
Table processos is empty. Trying to trigger a schema error to fetch columns...
Schema hint for processos: Could not find the 'DOES_NOT_EXIST' column of 'processos' in the schema cache
Columns in transacoes: id, tipo, valor, data, descricao, entidade, conta, status, categoria, referencia, concretizado
