src/components/CRM/KanbanColumn.tsx(3,28): error TS1261: Already included file name 'C:/Users/nihco/.gemini/antigravity/scratch/lang-cardoso-dashboard/src/components/CRM/KanbanCard.tsx' differs from file name 'C:/Users/nihco/.gemini/antigravity/scratch/lang-cardoso-dashboard/src/components/crm/KanbanCard.tsx' only in casing.
  The file is in the program because:
    Imported via './KanbanCard' from file 'C:/Users/nihco/.gemini/antigravity/scratch/lang-cardoso-dashboard/src/components/CRM/KanbanColumn.tsx'
    Imported via '../../components/CRM/KanbanCard' from file 'C:/Users/nihco/.gemini/antigravity/scratch/lang-cardoso-dashboard/src/pages/dashboard/CRM.tsx'
    Matched by include pattern 'src/**/*.tsx' in 'C:/Users/nihco/.gemini/antigravity/scratch/lang-cardoso-dashboard/tsconfig.app.json'
src/pages/dashboard/CRM.tsx(20,30): error TS1261: Already included file name 'C:/Users/nihco/.gemini/antigravity/scratch/lang-cardoso-dashboard/src/components/CRM/KanbanColumn.tsx' differs from file name 'C:/Users/nihco/.gemini/antigravity/scratch/lang-cardoso-dashboard/src/components/crm/KanbanColumn.tsx' only in casing.
  The file is in the program because:
    Imported via '../../components/CRM/KanbanColumn' from file 'C:/Users/nihco/.gemini/antigravity/scratch/lang-cardoso-dashboard/src/pages/dashboard/CRM.tsx'
    Matched by include pattern 'src/**/*.tsx' in 'C:/Users/nihco/.gemini/antigravity/scratch/lang-cardoso-dashboard/tsconfig.app.json'
src/pages/dashboard/CRM.tsx(22,30): error TS1261: Already included file name 'C:/Users/nihco/.gemini/antigravity/scratch/lang-cardoso-dashboard/src/components/CRM/NewLeadModal.tsx' differs from file name 'C:/Users/nihco/.gemini/antigravity/scratch/lang-cardoso-dashboard/src/components/crm/NewLeadModal.tsx' only in casing.
  The file is in the program because:
    Imported via '../../components/CRM/NewLeadModal' from file 'C:/Users/nihco/.gemini/antigravity/scratch/lang-cardoso-dashboard/src/pages/dashboard/CRM.tsx'
    Matched by include pattern 'src/**/*.tsx' in 'C:/Users/nihco/.gemini/antigravity/scratch/lang-cardoso-dashboard/tsconfig.app.json'
src/pages/dashboard/Financeiro.tsx(15,31): error TS1261: Already included file name 'C:/Users/nihco/.gemini/antigravity/scratch/lang-cardoso-dashboard/src/components/Dashboard/OverviewCards.tsx' differs from file name 'C:/Users/nihco/.gemini/antigravity/scratch/lang-cardoso-dashboard/src/components/dashboard/OverviewCards.tsx' only in casing.
  The file is in the program because:
    Imported via '../../components/Dashboard/OverviewCards' from file 'C:/Users/nihco/.gemini/antigravity/scratch/lang-cardoso-dashboard/src/pages/dashboard/Financeiro.tsx'
    Matched by include pattern 'src/**/*.tsx' in 'C:/Users/nihco/.gemini/antigravity/scratch/lang-cardoso-dashboard/tsconfig.app.json'
src/pages/portal/PortalDashboard.tsx(12,30): error TS1261: Already included file name 'C:/Users/nihco/.gemini/antigravity/scratch/lang-cardoso-dashboard/src/components/Agenda/CalendarGrid.tsx' differs from file name 'C:/Users/nihco/.gemini/antigravity/scratch/lang-cardoso-dashboard/src/components/agenda/CalendarGrid.tsx' only in casing.
  The file is in the program because:
    Imported via '../../components/Agenda/CalendarGrid' from file 'C:/Users/nihco/.gemini/antigravity/scratch/lang-cardoso-dashboard/src/pages/portal/PortalDashboard.tsx'
    Imported via '../../components/Agenda/CalendarGrid' from file 'C:/Users/nihco/.gemini/antigravity/scratch/lang-cardoso-dashboard/src/pages/dashboard/Agenda.tsx'
    Matched by include pattern 'src/**/*.tsx' in 'C:/Users/nihco/.gemini/antigravity/scratch/lang-cardoso-dashboard/tsconfig.app.json'
